I'm sorry, but errors were detected in your script. Please correct the
errors listed below, and try again.


File "game/script.rpy", line 305: expected statement.
    await 1
           ^

File "game/script.rpy", line 312: expected statement.
    await 1
           ^

Ren'Py Version: Ren'Py 8.1.3.23091805
Tue Nov 21 00:32:18 2023
